s=0.0 triv seed=0 light: global=-13.812120 polished=-13.816163 (62s)
s=0.0 triv seed=0 base: global=-13.799389 polished=-13.816163 (113s)
s=0.0 triv seed=1 light: global=-13.815588 polished=-13.816163 (88s)
s=0.0 triv seed=1 base: global=-13.809147 polished=-13.816163 (66s)
s=0.0 triv seed=2 light: global=-13.662942 polished=-13.816163 (95s)
s=0.0 triv seed=2 base: global=-13.805894 polished=-13.816163 (245s)
s=0.0 topo seed=0 light: global=-6.828025 polished=-6.908081 (111s)
s=0.0 topo seed=0 base: global=-6.714427 polished=-6.907744 (278s)
s=0.0 topo seed=1 light: global=-6.751806 polished=-6.908079 (169s)
s=0.0 topo seed=1 base: global=-6.857401 polished=-6.908081 (259s)
s=0.0 topo seed=2 light: global=-6.350969 polished=-6.906723 (142s)
s=0.0 topo seed=2 base: global=-6.874183 polished=-6.908080 (302s)
s=0.0 afm seed=0 light: global=-10.872925 polished=-10.873127 (90s)
s=0.0 afm seed=0 base: global=-10.873068 polished=-10.873127 (116s)
s=0.0 afm seed=1 light: global=-10.872931 polished=-10.873127 (79s)
s=0.0 afm seed=1 base: global=-10.872872 polished=-10.873127 (95s)
s=0.0 afm seed=2 light: global=-10.872946 polished=-10.873127 (63s)
s=0.0 afm seed=2 base: global=-10.873113 polished=-10.873127 (121s)
s=0.5 triv seed=0 light: global=-8.427190 polished=-8.761420 (119s)
s=0.5 triv seed=0 base: global=-8.709141 polished=-8.762971 (281s)
s=0.5 triv seed=1 light: global=-8.389010 polished=-8.761901 (133s)
s=0.5 triv seed=1 base: global=-8.430613 polished=-8.761506 (283s)
s=0.5 triv seed=2 light: global=-8.642360 polished=-8.786609 (141s)
s=0.5 triv seed=2 base: global=-8.547458 polished=-8.784664 (272s)
s=0.5 topo seed=0 light: global=-7.269526 polished=-7.522476 (142s)
s=0.5 topo seed=0 base: global=-7.423045 polished=-7.524318 (262s)
s=0.5 topo seed=1 light: global=-7.302748 polished=-7.527268 (130s)
s=0.5 topo seed=1 base: global=-7.228243 polished=-7.529459 (244s)
s=0.5 topo seed=2 light: global=-7.330281 polished=-7.527811 (119s)
s=0.5 topo seed=2 base: global=-7.469034 polished=-7.536125 (237s)
s=0.5 afm seed=0 light: global=-9.456677 polished=-9.577300 (99s)
s=0.5 afm seed=0 base: global=-9.568767 polished=-9.587591 (192s)
s=0.5 afm seed=1 light: global=-9.426108 polished=-9.585075 (99s)
s=0.5 afm seed=1 base: global=-9.581630 polished=-9.587050 (143s)
s=0.5 afm seed=2 light: global=-9.516283 polished=-9.573378 (90s)
s=0.5 afm seed=2 base: global=-9.573761 polished=-9.586443 (167s)
s=0.98 triv seed=0 light: global=-6.590468 polished=-6.786777 (111s)
s=0.98 triv seed=0 base: global=-6.669182 polished=-6.769958 (219s)
s=0.98 triv seed=1 light: global=-6.710438 polished=-6.794587 (99s)
s=0.98 triv seed=1 base: global=-6.713219 polished=-6.770528 (212s)
s=0.98 triv seed=2 light: global=-6.713566 polished=-6.791275 (93s)
s=0.98 triv seed=2 base: global=-6.741429 polished=-6.769860 (202s)
s=0.98 topo seed=0 light: global=-10.153584 polished=-10.158256 (80s)
s=0.98 topo seed=0 base: global=-10.156025 polished=-10.157864 (166s)
s=0.98 topo seed=1 light: global=-10.096014 polished=-10.157354 (101s)
s=0.98 topo seed=1 base: global=-10.156765 polished=-10.160313 (174s)
s=0.98 topo seed=2 light: global=-10.127306 polished=-10.156195 (100s)
s=0.98 topo seed=2 base: global=-10.152735 polished=-10.156892 (129s)
s=0.98 afm seed=0 light: global=-9.348647 polished=-9.433210 (86s)
s=0.98 afm seed=0 base: global=-9.424165 polished=-9.483058 (148s)
s=0.98 afm seed=1 light: global=-9.355813 polished=-9.450843 (71s)
s=0.98 afm seed=1 base: global=-9.374527 polished=-9.433708 (126s)
s=0.98 afm seed=2 light: global=-9.283249 polished=-9.433609 (72s)
s=0.98 afm seed=2 base: global=-9.454655 polished=-9.483563 (112s)
wrote task10_reflect_orbit/config/pilot.csv
warm s=0.0 triv scale=0.1 restart=0: L1=-13.816163 L2=-13.816163 (24s)
warm s=0.0 triv scale=0.1 restart=1: L1=-13.816163 L2=-13.816163 (27s)
warm s=0.0 triv scale=0.3 restart=0: L1=-13.816163 L2=-13.816163 (26s)
warm s=0.0 triv scale=0.3 restart=1: L1=-13.816163 L2=-13.816163 (24s)
warm s=0.0 topo scale=0.1 restart=0: L1=-6.908081 L2=-6.908081 (13s)
warm s=0.0 topo scale=0.1 restart=1: L1=-6.908081 L2=-6.908081 (14s)
warm s=0.0 topo scale=0.3 restart=0: L1=-6.908081 L2=-6.908081 (7s)
warm s=0.0 topo scale=0.3 restart=1: L1=-6.908081 L2=-6.908081 (8s)
warm s=0.0 afm scale=0.1 restart=0: L1=-10.873127 L2=-12.341697 (24s)
warm s=0.0 afm scale=0.1 restart=1: L1=-10.873127 L2=-12.339996 (25s)
warm s=0.0 afm scale=0.3 restart=0: L1=-10.873127 L2=-12.343492 (23s)
warm s=0.0 afm scale=0.3 restart=1: L1=-10.873127 L2=-12.336861 (23s)
warm s=0.5 triv scale=0.1 restart=0: L1=-8.786609 L2=-8.826877 (26s)
warm s=0.5 triv scale=0.1 restart=1: L1=-8.786609 L2=-8.824995 (23s)
warm s=0.5 triv scale=0.3 restart=0: L1=-8.786609 L2=-8.812515 (27s)
warm s=0.5 triv scale=0.3 restart=1: L1=-8.786609 L2=-8.826524 (24s)
warm s=0.5 topo scale=0.1 restart=0: L1=-7.527811 L2=-7.531385 (27s)
warm s=0.5 topo scale=0.1 restart=1: L1=-7.527811 L2=-7.534863 (28s)
warm s=0.5 topo scale=0.3 restart=0: L1=-7.527811 L2=-7.530943 (29s)
warm s=0.5 topo scale=0.3 restart=1: L1=-7.527811 L2=-7.535135 (28s)
warm s=0.5 afm scale=0.1 restart=0: L1=-9.585075 L2=-9.602494 (26s)
warm s=0.5 afm scale=0.1 restart=1: L1=-9.585075 L2=-9.707079 (27s)
warm s=0.5 afm scale=0.3 restart=0: L1=-9.585075 L2=-9.676374 (24s)
warm s=0.5 afm scale=0.3 restart=1: L1=-9.585075 L2=-9.694298 (24s)
warm s=0.98 triv scale=0.1 restart=0: L1=-6.794587 L2=-6.796318 (22s)
warm s=0.98 triv scale=0.1 restart=1: L1=-6.794587 L2=-6.794888 (23s)
warm s=0.98 triv scale=0.3 restart=0: L1=-6.794587 L2=-6.795266 (24s)
warm s=0.98 triv scale=0.3 restart=1: L1=-6.794587 L2=-6.794587 (24s)
warm s=0.98 topo scale=0.1 restart=0: L1=-10.158256 L2=-10.160980 (27s)
warm s=0.98 topo scale=0.1 restart=1: L1=-10.158256 L2=-10.160440 (27s)
warm s=0.98 topo scale=0.3 restart=0: L1=-10.158256 L2=-10.161044 (28s)
warm s=0.98 topo scale=0.3 restart=1: L1=-10.158256 L2=-10.161034 (26s)
warm s=0.98 afm scale=0.1 restart=0: L1=-9.450843 L2=-9.496855 (25s)
warm s=0.98 afm scale=0.1 restart=1: L1=-9.450843 L2=-9.497003 (21s)
warm s=0.98 afm scale=0.3 restart=0: L1=-9.450843 L2=-9.496208 (20s)
warm s=0.98 afm scale=0.3 restart=1: L1=-9.450843 L2=-9.496008 (20s)
wrote task10_reflect_orbit/config/pilot_warm.csv
